// Jest Snapshot v1, https://goo.gl/fbAQLP

exports[`ErrorMessage Component should render a Git error message 1`] = `
"
M src/index.ts +5 -2
M README.md +10
M package.json +1 -1
A tests/test.ts +20
R src/new.ts (from src/old.ts) +2
No staged changes
5 insertions, 2 deletions
    "
`;
